Traceback (most recent call last):
  File "/home/kawai/miniconda3/envs/book/lib/python3.13/site-packages/jupyter_cache/executors/utils.py", line 58, in single_nb_execution
    executenb(
    ~~~~~~~~~^
        nb,
        ^^^
    ...<4 lines>...
        **kwargs,
        ^^^^^^^^^
    )
    ^
  File "/home/kawai/miniconda3/envs/book/lib/python3.13/site-packages/nbclient/client.py", line 1323, in execute
    return NotebookClient(nb=nb, resources=resources, km=km, **kwargs).execute()
           ~~~~~~~~~~~~~~~~~~~~~~~~~~~~~~~~~~~~~~~~~~~~~~~~~~~~~~~~~~~~~~~~~~~^^
  File "/home/kawai/miniconda3/envs/book/lib/python3.13/site-packages/jupyter_core/utils/__init__.py", line 165, in wrapped
    return loop.run_until_complete(inner)
           ~~~~~~~~~~~~~~~~~~~~~~~^^^^^^^
  File "/home/kawai/miniconda3/envs/book/lib/python3.13/asyncio/base_events.py", line 721, in run_until_complete
    return future.result()
           ~~~~~~~~~~~~~^^
  File "/home/kawai/miniconda3/envs/book/lib/python3.13/site-packages/nbclient/client.py", line 709, in async_execute
    await self.async_execute_cell(
        cell, index, execution_count=self.code_cells_executed + 1
    )
  File "/home/kawai/miniconda3/envs/book/lib/python3.13/site-packages/nbclient/client.py", line 1062, in async_execute_cell
    await self._check_raise_for_error(cell, cell_index, exec_reply)
  File "/home/kawai/miniconda3/envs/book/lib/python3.13/site-packages/nbclient/client.py", line 918, in _check_raise_for_error
    raise CellExecutionError.from_cell_and_msg(cell, exec_reply_content)
nbclient.exceptions.CellExecutionError: An error occurred while executing the following cell:
------------------
nmax= 100
phi=0
dtheta = np.pi/nmax
intensity = []
angle = []
for k in range(nmax+1):
    theta = np.pi/2 - k*dtheta
    if theta >= 0:
        phi = 0
    else:
        phi = np.pi
        
    nvect = detector_pos(theta,phi)
    q = k0*np.inner(nvect,r)
    q = np.exp(-1j*q)
    d_op = sum(q*sm)
    intensity.append(I0*np.sin(theta)**2*expect(d_op.dag()*d_op,rho))
    angle.append(np.pi/2-theta)

angle = np.array(angle)
y0=intensity[0]
theory = y0*np.sin(np.pi/2-angle)**2
angle = np.array(angle)/np.pi
plt.figure(figsize=(4,3))
plt.plot(angle,intensity,color='r',label="qme")
plt.plot(angle,theory,ls='--',color='g',label="theory")
plt.xlabel(r"$\alpha/\pi$")
plt.ylabel(r"Intensity")
plt.legend(loc=4)
plt.show()
------------------


[31m---------------------------------------------------------------------------[39m
[31mNameError[39m                                 Traceback (most recent call last)
[36mCell[39m[36m [39m[32mIn[6][39m[32m, line 14[39m
[32m     10[39m     [38;5;28;01melse[39;00m:
[32m     11[39m         phi = np.pi
[32m     12[39m 
[32m     13[39m     nvect = detector_pos(theta,phi)
[32m---> [39m[32m14[39m     q = k0*np.inner(nvect,r)
[32m     15[39m     q = np.exp(-[32m1j[39m*q)
[32m     16[39m     d_op = sum(q*sm)
[32m     17[39m     intensity.append(I0*np.sin(theta)**[32m2[39m*expect(d_op.dag()*d_op,rho))

[31mNameError[39m: name 'r' is not defined

