Traceback (most recent call last):
  File "/home/kawai/miniconda3/envs/book/lib/python3.13/site-packages/jupyter_cache/executors/utils.py", line 58, in single_nb_execution
    executenb(
    ~~~~~~~~~^
        nb,
        ^^^
    ...<4 lines>...
        **kwargs,
        ^^^^^^^^^
    )
    ^
  File "/home/kawai/miniconda3/envs/book/lib/python3.13/site-packages/nbclient/client.py", line 1323, in execute
    return NotebookClient(nb=nb, resources=resources, km=km, **kwargs).execute()
           ~~~~~~~~~~~~~~~~~~~~~~~~~~~~~~~~~~~~~~~~~~~~~~~~~~~~~~~~~~~~~~~~~~~^^
  File "/home/kawai/miniconda3/envs/book/lib/python3.13/site-packages/jupyter_core/utils/__init__.py", line 165, in wrapped
    return loop.run_until_complete(inner)
           ~~~~~~~~~~~~~~~~~~~~~~~^^^^^^^
  File "/home/kawai/miniconda3/envs/book/lib/python3.13/asyncio/base_events.py", line 721, in run_until_complete
    return future.result()
           ~~~~~~~~~~~~~^^
  File "/home/kawai/miniconda3/envs/book/lib/python3.13/site-packages/nbclient/client.py", line 709, in async_execute
    await self.async_execute_cell(
        cell, index, execution_count=self.code_cells_executed + 1
    )
  File "/home/kawai/miniconda3/envs/book/lib/python3.13/site-packages/nbclient/client.py", line 1062, in async_execute_cell
    await self._check_raise_for_error(cell, cell_index, exec_reply)
  File "/home/kawai/miniconda3/envs/book/lib/python3.13/site-packages/nbclient/client.py", line 918, in _check_raise_for_error
    raise CellExecutionError.from_cell_and_msg(cell, exec_reply_content)
nbclient.exceptions.CellExecutionError: An error occurred while executing the following cell:
------------------
H0, c0 = system_dimer(0.0, theta, drop_dark=True)   # a-channel removed
tlist = np.linspace(0, 300, 1500)

# (a) start in |a>: dark, frozen.   (b) start in |ee>: relaxes, never visits |a>.
result3 = mcsolve(H0, v[1], tlist, c0, e_ops=P, ntraj=1, options={"keep_runs_results": True})

plt.figure(figsize=(9, 4))

p = [result3.expect[k] for k in range(4)]

for k in range(4):
    plt.plot(tlist,p[k].flatten()*0.8+(3-k),label=r"$\rho_{%s}$" % dicke_labels[k])

plt.yticks([])
plt.xlabel(r"$t$")
plt.legend(bbox_to_anchor=(1.15, 1), borderaxespad=0)
plt.tight_layout()
plt.show()


fig, axes = plt.subplots(1, 2, figsize=(9, 3), sharey=True)
for ax, r, title in ((axes[0], resA, r"started in $|a\rangle$ (dark, frozen)"),
                     (axes[1], resB, r"started in $|ee\rangle$ (never enters $|a\rangle$)")):
    for k in range(4):
        # keep_runs_results=True -> expect[k] has shape (ntraj, ntime); pick trajectory 0
        ax.plot(tlist, r.expect[k][0], color="C%d" % k, label=r"$\rho_{%s}$" % dicke_labels[k])
    ax.set_xlabel(r"$t$")
    ax.set_title(title, fontsize=9)
axes[0].set_ylabel("Dicke populations")
axes[1].legend(loc="center right", ncol=2, fontsize=8)
plt.tight_layout()
plt.show()

------------------

----- stdout -----
100.0%. Run time:   0.00s. Est. time left: 00:00:00:00
----- stdout -----
Total run time:   0.01s
------------------

[31m---------------------------------------------------------------------------[39m
[31mNameError[39m                                 Traceback (most recent call last)
[36mCell[39m[36m [39m[32mIn[6][39m[32m, line 22[39m
[32m     18[39m plt.show()
[32m     19[39m 
[32m     20[39m 
[32m     21[39m fig, axes = plt.subplots([32m1[39m, [32m2[39m, figsize=([32m9[39m, [32m3[39m), sharey=[38;5;28;01mTrue[39;00m)
[32m---> [39m[32m22[39m for ax, r, title in ((axes[0], resA, r"started in $|a\rangle$ (dark, frozen)"),
[32m     23[39m                      (axes[[32m1[39m], resB, [33mr"started in $|ee\rangle$ (never enters $|a\rangle$)"[39m)):
[32m     24[39m     [38;5;28;01mfor[39;00m k [38;5;28;01min[39;00m range([32m4[39m):
[32m     25[39m         [38;5;66;03m# keep_runs_results=True -> expect[k] has shape (ntraj, ntime); pick trajectory 0[39;00m

[31mNameError[39m: name 'resA' is not defined

