Traceback (most recent call last):
  File "/home/kawai/miniconda3/envs/book/lib/python3.13/site-packages/jupyter_cache/executors/utils.py", line 58, in single_nb_execution
    executenb(
    ~~~~~~~~~^
        nb,
        ^^^
    ...<4 lines>...
        **kwargs,
        ^^^^^^^^^
    )
    ^
  File "/home/kawai/miniconda3/envs/book/lib/python3.13/site-packages/nbclient/client.py", line 1323, in execute
    return NotebookClient(nb=nb, resources=resources, km=km, **kwargs).execute()
           ~~~~~~~~~~~~~~~~~~~~~~~~~~~~~~~~~~~~~~~~~~~~~~~~~~~~~~~~~~~~~~~~~~~^^
  File "/home/kawai/miniconda3/envs/book/lib/python3.13/site-packages/jupyter_core/utils/__init__.py", line 165, in wrapped
    return loop.run_until_complete(inner)
           ~~~~~~~~~~~~~~~~~~~~~~~^^^^^^^
  File "/home/kawai/miniconda3/envs/book/lib/python3.13/asyncio/base_events.py", line 721, in run_until_complete
    return future.result()
           ~~~~~~~~~~~~~^^
  File "/home/kawai/miniconda3/envs/book/lib/python3.13/site-packages/nbclient/client.py", line 709, in async_execute
    await self.async_execute_cell(
        cell, index, execution_count=self.code_cells_executed + 1
    )
  File "/home/kawai/miniconda3/envs/book/lib/python3.13/site-packages/nbclient/client.py", line 1062, in async_execute_cell
    await self._check_raise_for_error(cell, cell_index, exec_reply)
  File "/home/kawai/miniconda3/envs/book/lib/python3.13/site-packages/nbclient/client.py", line 918, in _check_raise_for_error
    raise CellExecutionError.from_cell_and_msg(cell, exec_reply_content)
nbclient.exceptions.CellExecutionError: An error occurred while executing the following cell:
------------------
DD = sum(D)

# intensity
I2=expect(DD.dag()*DD,rho_ss)

rho_0 = rho_ss*DD.dag()
e_ops = DD
result = mesolve(H,rho_0,times,c_ops,e_ops=e_ops)
G1 = result.expect[0]

g1 = G1/I2
g1_weak = np.exp(-times)
plt.figure(figsize=(4,3))
plt.plot(times,g1_waek.real,color="b",ls='--',label="weak")
plt.plot(-times,g1_weak.real,color="b",ls='--')
plt.plot(times,g1.real,color="r",label="strong")
plt.plot(-times,g1.real,color="r")
plt.xlabel(r"$\tau\gamma_{0}$")
plt.ylabel(r"$g^{(1)}(\tau)$")
plt.legend(loc=1)
plt.show()
------------------


[31m---------------------------------------------------------------------------[39m
[31mNameError[39m                                 Traceback (most recent call last)
[36mCell[39m[36m [39m[32mIn[6][39m[32m, line 14[39m
[32m     10[39m 
[32m     11[39m g1 = G1/I2
[32m     12[39m g1_weak = np.exp(-times)
[32m     13[39m plt.figure(figsize=([32m4[39m,[32m3[39m))
[32m---> [39m[32m14[39m plt.plot(times,g1_waek.real,color=[33m"b"[39m,ls=[33m'--'[39m,label=[33m"weak"[39m)
[32m     15[39m plt.plot(-times,g1_weak.real,color=[33m"b"[39m,ls=[33m'--'[39m)
[32m     16[39m plt.plot(times,g1.real,color=[33m"r"[39m,label=[33m"strong"[39m)
[32m     17[39m plt.plot(-times,g1.real,color=[33m"r"[39m)

[31mNameError[39m: name 'g1_waek' is not defined

